<?xml version="1.0" encoding="utf-8" ?>
<!-- DO NOT EDIT THIS FILE -->

<log version='2.0' source='tcet'>
	<!-- Opened annotation file /home/cc/intel/oneapi/advisor/2024.2/lib64/../config/tc/map.ant -->
	<!-- Opened annotation file /home/cc/intel/oneapi/advisor/2024.2/lib64/../config/tc/allocators.ant -->
	<msg id='1' display='false' source='map'>
		<type>START</type>
		<severity>INFO</severity>
		<timestamp>Tue May 19 21:15:31 2026</timestamp>
	</msg>
	<!-- Successfully loaded CCRT 13.15.8 at address 0x71d196324000 - 0x71d19632d000 -->
	<!-- Successfully loaded the TC Analysis Core 8.23.1 at address 0x71d1946b6000 - 0x71d1946ff000 -->
	<!-- Successfully loaded the TC Instrumentation Engine 8.23.1 at address 0x71d19632e000 - 0x71d19651f000 -->
	<!-- Environment: INTEL_LIBITTNOTIFY32=/home/cc/intel/oneapi/advisor/2024.2/lib32/runtime/libittnotify.so -->
	<!-- Environment: INTEL_LIBITTNOTIFY64=/home/cc/intel/oneapi/advisor/2024.2/lib64/runtime/libittnotify.so -->
	<!-- Environment: INTEL_JIT_PROFILER32=/home/cc/intel/oneapi/advisor/2024.2/lib32/libpinjitprofiling.so -->
	<!-- Environment: INTEL_JIT_PROFILER64=/home/cc/intel/oneapi/advisor/2024.2/lib64/libpinjitprofiling.so -->
	<!-- This is the instance of interest -->
	<msg id='2' source='tcet'>
		<type>EXEC_OF_INTEREST</type>
		<severity>INFO</severity>
		<timestamp>Tue May 19 21:15:31 2026</timestamp>
		<arg name='process'>/home/cc/Projects/Performance-Analysis-And-Tuning/memory_bound/loop_interchange_1/build/lab</arg>
		<arg name='pid'>51990</arg>
	</msg>
	<msg id='3' source='tcet'>
		<type>LOAD_MODULE</type>
		<severity>INFO</severity>
		<timestamp>Tue May 19 21:15:31 2026</timestamp>
		<arg name='module'>/home/cc/Projects/Performance-Analysis-And-Tuning/memory_bound/loop_interchange_1/build/lab</arg>
		<arg name='basement'>0x6008e6750000</arg>
		<arg name='ceiling'>0x6008e67c3b67</arg>
		<arg name='id'>1</arg>
	</msg>
	<msg id='4' source='tcet'>
		<type>LOAD_MODULE</type>
		<severity>INFO</severity>
		<timestamp>Tue May 19 21:15:31 2026</timestamp>
		<arg name='module'>/lib64/ld-linux-x86-64.so.2</arg>
		<arg name='basement'>0x71d197af7000</arg>
		<arg name='ceiling'>0x71d197b302d7</arg>
		<arg name='id'>2</arg>
	</msg>
	<msg id='5' source='tcet'>
		<type>LOAD_MODULE</type>
		<severity>INFO</severity>
		<timestamp>Tue May 19 21:15:31 2026</timestamp>
		<arg name='module'>[vdso]</arg>
		<arg name='basement'>0x71d197af5000</arg>
		<arg name='ceiling'>0x71d197af68aa</arg>
		<arg name='id'>3</arg>
	</msg>
	<msg id='6' source='tcet'>
		<type>LOAD_MODULE</type>
		<severity>INFO</severity>
		<timestamp>Tue May 19 21:15:31 2026</timestamp>
		<arg name='module'>/lib/x86_64-linux-gnu/libstdc++.so.6</arg>
		<arg name='basement'>0x71d181e00000</arg>
		<arg name='ceiling'>0x71d18207d13f</arg>
		<arg name='id'>4</arg>
	</msg>
	<msg id='7' source='tcet'>
		<type>LOAD_MODULE</type>
		<severity>INFO</severity>
		<timestamp>Tue May 19 21:15:31 2026</timestamp>
		<arg name='module'>/lib/x86_64-linux-gnu/libm.so.6</arg>
		<arg name='basement'>0x71d181d17000</arg>
		<arg name='ceiling'>0x71d181dff017</arg>
		<arg name='id'>5</arg>
	</msg>
	<msg id='8' source='tcet'>
		<type>LOAD_MODULE</type>
		<severity>INFO</severity>
		<timestamp>Tue May 19 21:15:31 2026</timestamp>
		<arg name='module'>/lib/x86_64-linux-gnu/libgcc_s.so.1</arg>
		<arg name='basement'>0x71d1820bd000</arg>
		<arg name='ceiling'>0x71d1820ea3a7</arg>
		<arg name='id'>6</arg>
	</msg>
	<msg id='9' source='tcet'>
		<type>LOAD_MODULE</type>
		<severity>INFO</severity>
		<timestamp>Tue May 19 21:15:31 2026</timestamp>
		<arg name='module'>/lib/x86_64-linux-gnu/libc.so.6</arg>
		<arg name='basement'>0x71d181a00000</arg>
		<arg name='ceiling'>0x71d181c11d8f</arg>
		<arg name='id'>7</arg>
	</msg>
	<!-- Creating new child process (PID = 51990) -->