<?xml version="1.0" encoding="utf-8" ?>
<!-- DO NOT EDIT THIS FILE -->

	<msg id='1' source='tcet'>
		<type>EXEC_PROCESS</type>
		<severity>INFO</severity>
		<timestamp>Tue May 19 21:15:32 2026</timestamp>
		<arg name='process'>/home/cc/Projects/Performance-Analysis-And-Tuning/memory_bound/loop_interchange_1/build/lab</arg>
		<arg name='pid'>51990</arg>
	</msg>
	<!-- Opened annotation file /home/cc/intel/oneapi/advisor/2024.2/lib64/../config/tc/map.ant -->
	<!-- Opened annotation file /home/cc/intel/oneapi/advisor/2024.2/lib64/../config/tc/allocators.ant -->
	<msg id='2' display='false' source='map'>
		<type>START</type>
		<severity>INFO</severity>
		<timestamp>Tue May 19 21:15:32 2026</timestamp>
	</msg>
	<!-- Successfully loaded CCRT 13.15.8 at address 0x7ffff67f2000 - 0x7ffff67fb000 -->
	<!-- Successfully loaded the TC Analysis Core 8.23.1 at address 0x7ffff4c1f000 - 0x7ffff4c68000 -->
	<!-- Successfully loaded the TC Instrumentation Engine 8.23.1 at address 0x7ffff67fc000 - 0x7ffff69ed000 -->
	<!-- Environment: INTEL_LIBITTNOTIFY32=/home/cc/intel/oneapi/advisor/2024.2/lib32/runtime/libittnotify.so -->
	<!-- Environment: INTEL_LIBITTNOTIFY64=/home/cc/intel/oneapi/advisor/2024.2/lib64/runtime/libittnotify.so -->
	<!-- Environment: INTEL_JIT_PROFILER32=/home/cc/intel/oneapi/advisor/2024.2/lib32/libpinjitprofiling.so -->
	<!-- Environment: INTEL_JIT_PROFILER64=/home/cc/intel/oneapi/advisor/2024.2/lib64/libpinjitprofiling.so -->
	<!-- This is the instance of interest -->
	<msg id='3' source='tcet'>
		<type>EXEC_OF_INTEREST</type>
		<severity>INFO</severity>
		<timestamp>Tue May 19 21:15:32 2026</timestamp>
		<arg name='process'>/home/cc/Projects/Performance-Analysis-And-Tuning/memory_bound/loop_interchange_1/build/lab</arg>
		<arg name='pid'>51990</arg>
	</msg>
	<msg id='4' source='tcet'>
		<type>LOAD_MODULE</type>
		<severity>INFO</severity>
		<timestamp>Tue May 19 21:15:32 2026</timestamp>
		<arg name='module'>/home/cc/Projects/Performance-Analysis-And-Tuning/memory_bound/loop_interchange_1/build/lab</arg>
		<arg name='basement'>0x555555554000</arg>
		<arg name='ceiling'>0x5555555c7b67</arg>
		<arg name='id'>1</arg>
	</msg>
	<msg id='5' source='tcet'>
		<type>LOAD_MODULE</type>
		<severity>INFO</severity>
		<timestamp>Tue May 19 21:15:32 2026</timestamp>
		<arg name='module'>/lib64/ld-linux-x86-64.so.2</arg>
		<arg name='basement'>0x7ffff7fc5000</arg>
		<arg name='ceiling'>0x7ffff7ffe2d7</arg>
		<arg name='id'>2</arg>
	</msg>
	<msg id='6' source='tcet'>
		<type>LOAD_MODULE</type>
		<severity>INFO</severity>
		<timestamp>Tue May 19 21:15:32 2026</timestamp>
		<arg name='module'>[vdso]</arg>
		<arg name='basement'>0x7ffff7fc3000</arg>
		<arg name='ceiling'>0x7ffff7fc48aa</arg>
		<arg name='id'>3</arg>
	</msg>
	<msg id='7' source='tcet'>
		<type>LOAD_MODULE</type>
		<severity>INFO</severity>
		<timestamp>Tue May 19 21:15:33 2026</timestamp>
		<arg name='module'>/lib/x86_64-linux-gnu/libstdc++.so.6</arg>
		<arg name='basement'>0x7fffe2400000</arg>
		<arg name='ceiling'>0x7fffe267d13f</arg>
		<arg name='id'>4</arg>
	</msg>
	<msg id='8' source='tcet'>
		<type>LOAD_MODULE</type>
		<severity>INFO</severity>
		<timestamp>Tue May 19 21:15:33 2026</timestamp>
		<arg name='module'>/lib/x86_64-linux-gnu/libm.so.6</arg>
		<arg name='basement'>0x7fffe2282000</arg>
		<arg name='ceiling'>0x7fffe236a017</arg>
		<arg name='id'>5</arg>
	</msg>
	<msg id='9' source='tcet'>
		<type>LOAD_MODULE</type>
		<severity>INFO</severity>
		<timestamp>Tue May 19 21:15:33 2026</timestamp>
		<arg name='module'>/lib/x86_64-linux-gnu/libgcc_s.so.1</arg>
		<arg name='basement'>0x7fffe2224000</arg>
		<arg name='ceiling'>0x7fffe22513a7</arg>
		<arg name='id'>6</arg>
	</msg>
	<msg id='10' source='tcet'>
		<type>LOAD_MODULE</type>
		<severity>INFO</severity>
		<timestamp>Tue May 19 21:15:33 2026</timestamp>
		<arg name='module'>/lib/x86_64-linux-gnu/libc.so.6</arg>
		<arg name='basement'>0x7fffe1e00000</arg>
		<arg name='ceiling'>0x7fffe2011d8f</arg>
		<arg name='id'>7</arg>
	</msg>
	<msg id='11' source='tcet'>
		<type>UNLOAD_MODULE</type>
		<severity>INFO</severity>
		<timestamp>Tue May 19 21:15:39 2026</timestamp>
		<arg name='module'>/home/cc/Projects/Performance-Analysis-And-Tuning/memory_bound/loop_interchange_1/build/lab</arg>
		<arg name='id'>1</arg>
	</msg>
	<msg id='12' source='tcet'>
		<type>UNLOAD_MODULE</type>
		<severity>INFO</severity>
		<timestamp>Tue May 19 21:15:39 2026</timestamp>
		<arg name='module'>/lib64/ld-linux-x86-64.so.2</arg>
		<arg name='id'>2</arg>
	</msg>
	<msg id='13' source='tcet'>
		<type>UNLOAD_MODULE</type>
		<severity>INFO</severity>
		<timestamp>Tue May 19 21:15:39 2026</timestamp>
		<arg name='module'>[vdso]</arg>
		<arg name='id'>3</arg>
	</msg>
	<msg id='14' source='tcet'>
		<type>UNLOAD_MODULE</type>
		<severity>INFO</severity>
		<timestamp>Tue May 19 21:15:39 2026</timestamp>
		<arg name='module'>/lib/x86_64-linux-gnu/libstdc++.so.6</arg>
		<arg name='id'>4</arg>
	</msg>
	<msg id='15' source='tcet'>
		<type>UNLOAD_MODULE</type>
		<severity>INFO</severity>
		<timestamp>Tue May 19 21:15:39 2026</timestamp>
		<arg name='module'>/lib/x86_64-linux-gnu/libm.so.6</arg>
		<arg name='id'>5</arg>
	</msg>
	<msg id='16' source='tcet'>
		<type>UNLOAD_MODULE</type>
		<severity>INFO</severity>
		<timestamp>Tue May 19 21:15:39 2026</timestamp>
		<arg name='module'>/lib/x86_64-linux-gnu/libgcc_s.so.1</arg>
		<arg name='id'>6</arg>
	</msg>
	<msg id='17' source='tcet'>
		<type>UNLOAD_MODULE</type>
		<severity>INFO</severity>
		<timestamp>Tue May 19 21:15:39 2026</timestamp>
		<arg name='module'>/lib/x86_64-linux-gnu/libc.so.6</arg>
		<arg name='id'>7</arg>
	</msg>
	<msg id='18' source='tcet'>
		<type>PROCESS_TERMINATE</type>
		<severity>INFO</severity>
		<timestamp>Tue May 19 21:15:39 2026</timestamp>
		<arg name='process'>/home/cc/Projects/Performance-Analysis-And-Tuning/memory_bound/loop_interchange_1/build/lab</arg>
		<arg name='pid'>51990</arg>
	</msg>
	<msg id='19' source='map'>
		<type>NO_ANNOTATIONS</type>
		<severity>WARNING</severity>
		<timestamp>Tue May 19 21:15:39 2026</timestamp>
	</msg>
	<msg id='20' display='false' source='map'>
		<type>ANALYSIS_COMPLETE</type>
		<severity>INFO</severity>
		<timestamp>Tue May 19 21:15:39 2026</timestamp>
	</msg>
	<msg id='21' display='false' source='map'>
		<type>STOP</type>
		<severity>INFO</severity>
		<timestamp>Tue May 19 21:15:39 2026</timestamp>
	</msg>
</log>