1 [128104221490240] INFO perfrun.launcher <> - Launcher main begin
1 [128104221490240] INFO perfrun.launcher <> - MessageCatalogInit finished
1 [128104221490240] INFO perfrun.launcher <> - Launcher instance created
1 [128104221490240] INFO perfrun.launcher <> - argc = 7; cmdline = /home/cc/intel/oneapi/advisor/2024.2/bin64/advixe-runss --ui-output-format xml --ui-output-fd 122 --option-file /home/cc/Projects/Performance-Analysis-And-Tuning/memory_bound/loop_interchange_1/loop_interchage_1/e000/hs007/config/runss.options 
46 [128104221490240] INFO perfrun.launcher <> - create msngr2::ICliToolContext
46 [128104221490240] INFO perfrun.launcher <> - create file finder object
46 [128104221490240] INFO perfrun.launcher <> - create a result directory: pattern = /home/cc/Projects/Performance-Analysis-And-Tuning/memory_bound/loop_interchange_1/loop_interchage_1/e000/hs007 pid = 4294967295
49 [128104221490240] INFO perfrun.sdk <> - checked that the directory /home/cc/Projects/Performance-Analysis-And-Tuning/memory_bound/loop_interchange_1/loop_interchage_1/e000/hs007 is a local directory
49 [128104221490240] INFO perfrun.sdk <> - the directory /home/cc/Projects/Performance-Analysis-And-Tuning/memory_bound/loop_interchange_1/loop_interchage_1/e000/hs007 is a local directory with FS type ID 61267
49 [128104221490240] INFO perfrun.launcher <> - create data directory = /home/cc/Projects/Performance-Analysis-And-Tuning/memory_bound/loop_interchange_1/loop_interchage_1/e000/hs007/data.0
49 [128104221490240] INFO perfrun.launcher <> - Creating the master collection flag
53 [128104221490240] INFO perfrun.launcher <> - Done creating the master collection flag
54 [128104068540096] INFO perfrun.launcher <> - plugin [remoteplug] was disabled because it doesn't support the given collection type.
54 [128104068540096] INFO perfrun.sdk <> - Allocating TMU :/home/cc/Projects/Performance-Analysis-And-Tuning/memory_bound/loop_interchange_1/loop_interchage_1/e000/hs007/data.0/systemcollector-52256-Y7000P-1060.sc
54 [128104068540096] INFO perfrun.launcher <> - plugin [] was disabled because it doesn't support the given collection type.
54 [128104068540096] INFO perfrun.launcher <> - plugin [gpu] was disabled because it doesn't support the given collection type.
54 [128104068540096] INFO perfrun.launcher <> - plugin [] was disabled because it doesn't support the given collection type.
54 [128104068540096] INFO perfrun.launcher <> - plugin [] was disabled because it doesn't support the given collection type.
54 [128104068540096] INFO perfrun.launcher <> - plugin [] was disabled because it doesn't support the given collection type.
54 [128104068540096] INFO perfrun.mrte <> - system-wide mode is 0
54 [128104068540096] INFO perfrun.mrte <> - Getting  mrte profiling environment ...
58 [128104068540096] INFO perfrun.mrte <> - INTEL_MRTE_DATA_DIR=/home/cc/Projects/Performance-Analysis-And-Tuning/memory_bound/loop_interchange_1/loop_interchage_1/e000/hs007/data.0
58 [128104068540096] INFO perfrun.mrte <> - INTEL_MRTE_HOST_NAME=Y7000P-1060
58 [128104068540096] INFO perfrun.mrte <> - JAVA_TOOL_OPTIONS=-agentlib:advixe_samplingmrte_javaprof_1.0 -Dsun.boot.library.path=/home/cc/intel/oneapi/advisor/2024.2/lib32/runtime:/home/cc/intel/oneapi/advisor/2024.2/lib64/runtime
58 [128104068540096] INFO perfrun.mrte <> - LD_LIBRARY_PATH=/home/cc/intel/oneapi/advisor/2024.2/lib32/runtime:/home/cc/intel/oneapi/advisor/2024.2/lib64/runtime:/home/cc/intel/oneapi/tbb/2021.13/env/../lib/intel64/gcc4.8:/home/cc/intel/oneapi/mkl/2024.2/lib:/home/cc/intel/oneapi/dpl/2022.6/lib:/home/cc/intel/oneapi/debugger/2024.2/opt/debugger/lib:/home/cc/intel/oneapi/compiler/2024.2/opt/compiler/lib:/home/cc/intel/oneapi/compiler/2024.2/lib:/usr/local/lib:/home/cc/Downloads/TensorRT-8.6.1.6/lib:/usr/local/cuda-12.2/lib64:
58 [128104068540096] INFO perfrun.mrte <> - Data directory: /home/cc/Projects/Performance-Analysis-And-Tuning/memory_bound/loop_interchange_1/loop_interchage_1/e000/hs007/data.0
58 [128104068540096] INFO perfrun.mrte <> - Mrte plugin is initialized
58 [128104068540096] INFO perfrun.launcher <> - plugin [] was disabled because it doesn't support the given collection type.
58 [128104068540096] INFO perfrun.launcher <> - plugin [] was disabled because it doesn't support the given collection type.
58 [128104068540096] INFO perfrun.launcher <> - plugin [] was disabled because it doesn't support the given collection type.
58 [128104068540096] INFO perfrun.launcher <> - plugin [] was disabled because it doesn't support the given collection type.
58 [128104068540096] INFO perfrun.launcher <> - plugin [] was disabled because it doesn't support the given collection type.
58 [128104068540096] INFO perfrun.launcher <> - plugin [] was disabled because it doesn't support the given collection type.
58 [128104068540096] INFO perfrun.launcher <> - plugin [] was disabled because it doesn't support the given collection type.
58 [128104068540096] INFO perfrun.tpss <> - initialize tpss controller
58 [128104068540096] INFO perfrun.tpss <> - configure collection mode: value = cpu:stack
58 [128104068540096] INFO perfrun.tpss <> - default obj-size-min=1024
58 [128104068540096] INFO perfrun.tpss <> - default hash-table-size=0
58 [128104068540096] INFO perfrun.launcher <> - plugin [] was disabled because it doesn't support the given collection type.
58 [128104068540096] INFO perfrun.launcher <> - plugin [] was disabled because it doesn't support the given collection type.
58 [128104068540096] INFO perfrun.launcher <> - plugin [] was disabled because it doesn't support the given collection type.
58 [128104068540096] INFO perfrun.launcher <> - plugin [] was disabled because it doesn't support the given collection type.
58 [128104068540096] INFO perfrun.launcher <> - plugin [] was disabled because it doesn't support the given collection type.
58 [128104068540096] INFO perfrun.launcher <> - plugin [] was disabled because it doesn't support the given collection type.
58 [128104068540096] INFO perfrun.launcher <> - plugin [] was disabled because it doesn't support the given collection type.
58 [128104068540096] INFO perfrun.launcher <> - plugin [] was disabled because it doesn't support the given collection type.
58 [128104068540096] INFO perfrun.launcher <> - plugin [] was disabled because it doesn't support the given collection type.
59 [128104221490240] INFO perfrun.launcher <> - set environment variable: LD_LIBRARY_PATH = /home/cc/intel/oneapi/advisor/2024.2/lib32/runtime:/home/cc/intel/oneapi/advisor/2024.2/lib64/runtime:/home/cc/intel/oneapi/tbb/2021.13/env/../lib/intel64/gcc4.8:/home/cc/intel/oneapi/mkl/2024.2/lib:/home/cc/intel/oneapi/dpl/2022.6/lib:/home/cc/intel/oneapi/debugger/2024.2/opt/debugger/lib:/home/cc/intel/oneapi/compiler/2024.2/opt/compiler/lib:/home/cc/intel/oneapi/compiler/2024.2/lib:/usr/local/lib:/home/cc/Downloads/TensorRT-8.6.1.6/lib:/usr/local/cuda-12.2/lib64:
59 [128104221490240] INFO perfrun.launcher <> - set environment variable: INTEL_LIBITTNOTIFY32 = /home/cc/intel/oneapi/advisor/2024.2/lib32/runtime/libittnotify_collector.so
59 [128104221490240] INFO perfrun.launcher <> - set environment variable: INTEL_LIBITTNOTIFY64 = /home/cc/intel/oneapi/advisor/2024.2/lib64/runtime/libittnotify_collector.so
59 [128104221490240] INFO perfrun.launcher <> - set environment variable: INTEL_ITTNOTIFY_GROUPS = 
59 [128104221490240] INFO perfrun.launcher <> - set environment variable: INTEL_JIT_PROFILER32 = /home/cc/intel/oneapi/advisor/2024.2/lib32/runtime/libittnotify_collector.so
59 [128104221490240] INFO perfrun.launcher <> - set environment variable: INTEL_JIT_PROFILER64 = /home/cc/intel/oneapi/advisor/2024.2/lib64/runtime/libittnotify_collector.so
59 [128104221490240] INFO perfrun.launcher <> - set environment variable: ENABLE_JITPROFILING = 1
59 [128104221490240] INFO perfrun.launcher <> - set environment variable: CL_CONFIG_USE_VTUNE = True
59 [128104221490240] INFO perfrun.launcher <> - set environment variable: KMP_FORKJOIN_FRAMES = 0
59 [128104221490240] INFO perfrun.launcher <> - set environment variable: KMP_FORKJOIN_FRAMES_MODE = 0
59 [128104221490240] INFO perfrun.launcher <> - set environment variable: INTEL_MRTE_DATA_DIR = /home/cc/Projects/Performance-Analysis-And-Tuning/memory_bound/loop_interchange_1/loop_interchage_1/e000/hs007/data.0
59 [128104221490240] INFO perfrun.launcher <> - set environment variable: INTEL_MRTE_HOST_NAME = Y7000P-1060
59 [128104221490240] INFO perfrun.launcher <> - set environment variable: JAVA_TOOL_OPTIONS = -agentlib:advixe_samplingmrte_javaprof_1.0 -Dsun.boot.library.path=/home/cc/intel/oneapi/advisor/2024.2/lib32/runtime:/home/cc/intel/oneapi/advisor/2024.2/lib64/runtime
59 [128104221490240] INFO perfrun.launcher <> - set environment variable: LD_LIBRARY_PATH = /home/cc/intel/oneapi/advisor/2024.2/lib32/runtime:/home/cc/intel/oneapi/advisor/2024.2/lib64/runtime:/home/cc/intel/oneapi/tbb/2021.13/env/../lib/intel64/gcc4.8:/home/cc/intel/oneapi/mkl/2024.2/lib:/home/cc/intel/oneapi/dpl/2022.6/lib:/home/cc/intel/oneapi/debugger/2024.2/opt/debugger/lib:/home/cc/intel/oneapi/compiler/2024.2/opt/compiler/lib:/home/cc/intel/oneapi/compiler/2024.2/lib:/usr/local/lib:/home/cc/Downloads/TensorRT-8.6.1.6/lib:/usr/local/cuda-12.2/lib64:
59 [128104221490240] INFO perfrun.launcher <> - RpcServer: run RPC server to handle requests
60 [128104221490240] INFO perfrun.launcher <> - Launcher: command line to start before modification = /home/cc/Projects/Performance-Analysis-And-Tuning/memory_bound/loop_interchange_1/build/lab
60 [128104221490240] INFO perfrun.launcher <> - Launcher: command line to start after modification = /home/cc/intel/oneapi/advisor/2024.2/bin64/pin -error_file /home/cc/Projects/Performance-Analysis-And-Tuning/memory_bound/loop_interchange_1/loop_interchage_1/e000/hs007/data.0/pinerr.tpsslog -detach_reattach -follow_execv -tool_load_option deepbind -t64 /home/cc/intel/oneapi/advisor/2024.2/lib64/libtpsstool.so -t /home/cc/intel/oneapi/advisor/2024.2/lib32/libtpsstool.so -server_name tpss_ipc.52256 -prd_dir /home/cc/intel/oneapi/advisor/2024.2 -- /home/cc/Projects/Performance-Analysis-And-Tuning/memory_bound/loop_interchange_1/build/lab
60 [128104221490240] INFO perfrun.launcher <> - ProcessCreator object was created
61 [128104221490240] INFO perfrun.launcher <> - Launcher: the process was started in suspend mode
62 [128104068540096] WARN perfrun.system <> - Could not do anything with /sys/kernel/debug/kvm: boost::filesystem::status: Permission denied [system:13]: "/sys/kernel/debug/kvm", at file: vcs/perfrun1/plugins/system/src/trace_writer.cpp:787
62 [128104068540096] WARN perfrun.system <> - Folder "/var/run/libvirt/qemu/"doesn't exist, at file: vcs/perfrun1/plugins/system/src/trace_writer.cpp:800
63 [128104068540096] WARN perfrun.sdk <> - Failed to find xl binary on any of the system paths: /bin, /sbin, /usr/bin, /usr/sbin., at file: vcs/perfrun1/sdk/src/utils.cpp:204
72 [128104068540096] INFO perfrun.vdso <> - Helper runtool '/home/cc/intel/oneapi/advisor/2024.2/bin32/advixe-runss -dump-vdso -r /home/cc/Projects/Performance-Analysis-And-Tuning/memory_bound/loop_interchange_1/loop_interchage_1/e000/hs007 --tmp-dir /tmp/advixe-tmp-cc' returned 1
134 [128104068540096] INFO perfrun.vdso <> - Helper runtool '/home/cc/intel/oneapi/advisor/2024.2/bin64/advixe-runss -dump-vdso -r /home/cc/Projects/Performance-Analysis-And-Tuning/memory_bound/loop_interchange_1/loop_interchage_1/e000/hs007 --tmp-dir /tmp/advixe-tmp-cc' returned 0
134 [128104068540096] INFO perfrun.itt <> - start itt controller for pid #52267
134 [128104068540096] INFO perfrun.tpss <> - start tpss controller for pid #52267
184 [128104221490240] INFO perfrun.launcher <> - Launcher: all plugins were started
184 [128104221490240] INFO perfrun.launcher <> - DirectoryMonitor object was created
184 [128104221490240] INFO perfrun.launcher <> - DirectoryMonitor: a callback was added
184 [128104221490240] INFO perfrun.launcher <> - DirectoryMonitor was started with pingTime = 1000
184 [128104221490240] INFO perfrun.launcher <> - DeadlineTimer is going to be constructed
184 [128104221490240] INFO perfrun.launcher <> - DeadlineTimer: a callback was added
189 [128104221490240] INFO perfrun.launcher <> - Launcher: resume the profiled application and  wait its termination or stop command
2149 [128104221490240] INFO perfrun.launcher <> - Launcher: the profiled application was terminated  with exit code = 0
2153 [128104068540096] INFO perfrun.itt <> - detach itt controller
2153 [128104068540096] INFO perfrun.itt <> - detach itt controller done
2153 [128104068540096] INFO perfrun.tpss <> - stop tpss controller
2153 [128104068540096] INFO perfrun.sdk <> - De-allocating TMU: /home/cc/Projects/Performance-Analysis-And-Tuning/memory_bound/loop_interchange_1/loop_interchage_1/e000/hs007/data.0/systemcollector-52256-Y7000P-1060.sc
2153 [128104068540096] INFO perfrun.system <> - closed the system trace file: /home/cc/Projects/Performance-Analysis-And-Tuning/memory_bound/loop_interchange_1/loop_interchage_1/e000/hs007/data.0/systemcollector-52256-Y7000P-1060.sc
2154 [128104221490240] INFO perfrun.launcher <> - Launcher: all plugins were stopped.
2154 [128104221490240] INFO perfrun.launcher <> - DeadlineTimer is going to be destroyed
2154 [128104221490240] INFO perfrun.launcher <> - DeadlineTimer was destroyed
2154 [128104221490240] INFO perfrun.launcher <> - DirectoryMonitor object was destroyed
2154 [128104221490240] WARN perfrun.launcher <> - Stop command is ignored because it is received when collection is already stopped, at file: vcs/perfrun1/launcher/src/command_handler.cpp:226
2154 [128104221490240] INFO perfrun.launcher <> - Application exit code: 0
2154 [128104221490240] INFO perfrun.launcher <> - Exit code: 0
