1 [135370973396032] INFO perfrun.launcher <> - Launcher main begin
2 [135370973396032] INFO perfrun.launcher <> - MessageCatalogInit finished
2 [135370973396032] INFO perfrun.launcher <> - Launcher instance created
2 [135370973396032] INFO perfrun.launcher <> - argc = 6; cmdline = /home/cc/intel/oneapi/advisor/2024.2/bin64/advixe-runss -dump-vdso -r /home/cc/Projects/Performance-Analysis-And-Tuning/memory_bound/loop_interchange_1/loop_interchage_1/e000/hs007 --tmp-dir /tmp/advixe-tmp-cc 
41 [135370973396032] INFO perfrun.launcher <> - create msngr2::ICliToolContext
41 [135370973396032] INFO perfrun.launcher <> - create file finder object
42 [135370817660608] INFO perfrun.launcher <> - plugin [remoteplug] was disabled because it doesn't support the given collection type.
42 [135370817660608] INFO perfrun.launcher <> - plugin [system] was disabled because it doesn't support the given collection type.
42 [135370817660608] INFO perfrun.vdso <> - dumping [vdso] pseudomodule
43 [135370817660608] INFO perfrun.launcher <> - plugin [itt] was disabled because it doesn't support the given collection type.
43 [135370817660608] INFO perfrun.launcher <> - plugin [] was disabled because it doesn't support the given collection type.
43 [135370817660608] INFO perfrun.launcher <> - plugin [gpu] was disabled because it doesn't support the given collection type.
43 [135370817660608] INFO perfrun.launcher <> - plugin [] was disabled because it doesn't support the given collection type.
43 [135370817660608] INFO perfrun.launcher <> - plugin [] was disabled because it doesn't support the given collection type.
43 [135370817660608] INFO perfrun.launcher <> - plugin [] was disabled because it doesn't support the given collection type.
43 [135370817660608] INFO perfrun.launcher <> - plugin [mrte] was disabled because it doesn't support the given collection type.
43 [135370817660608] INFO perfrun.launcher <> - plugin [] was disabled because it doesn't support the given collection type.
43 [135370817660608] INFO perfrun.launcher <> - plugin [] was disabled because it doesn't support the given collection type.
43 [135370817660608] INFO perfrun.launcher <> - plugin [] was disabled because it doesn't support the given collection type.
43 [135370817660608] INFO perfrun.launcher <> - plugin [] was disabled because it doesn't support the given collection type.
43 [135370817660608] INFO perfrun.launcher <> - plugin [] was disabled because it doesn't support the given collection type.
43 [135370817660608] INFO perfrun.launcher <> - plugin [] was disabled because it doesn't support the given collection type.
43 [135370817660608] INFO perfrun.launcher <> - plugin [] was disabled because it doesn't support the given collection type.
43 [135370817660608] INFO perfrun.launcher <> - plugin [tpss] was disabled because it doesn't support the given collection type.
43 [135370817660608] INFO perfrun.launcher <> - plugin [] was disabled because it doesn't support the given collection type.
43 [135370817660608] INFO perfrun.launcher <> - plugin [] was disabled because it doesn't support the given collection type.
43 [135370817660608] INFO perfrun.launcher <> - plugin [] was disabled because it doesn't support the given collection type.
43 [135370817660608] INFO perfrun.launcher <> - plugin [] was disabled because it doesn't support the given collection type.
43 [135370817660608] INFO perfrun.launcher <> - plugin [] was disabled because it doesn't support the given collection type.
43 [135370817660608] INFO perfrun.launcher <> - plugin [] was disabled because it doesn't support the given collection type.
43 [135370817660608] INFO perfrun.launcher <> - plugin [] was disabled because it doesn't support the given collection type.
43 [135370817660608] INFO perfrun.launcher <> - plugin [] was disabled because it doesn't support the given collection type.
43 [135370817660608] INFO perfrun.launcher <> - plugin [] was disabled because it doesn't support the given collection type.
43 [135370973396032] INFO perfrun.launcher <> - Application exit code: 0
43 [135370973396032] INFO perfrun.launcher <> - Exit code: 0
