<?xml version="1.0" encoding="utf-8"?>
<log version="1.0" tool="runtool">

<msg id="1" tool="runtool">
  <type>log-start</type>
  <arg>2026/05/19 21:20:05</arg>
</msg>
<msg id="2" tool="runtool">
  <type>bandwidth-measurement-starts</type>
</msg>
<msg id="3" tool="runtool">
  <type>bandwidth-measurement-done</type>
</msg>
<msg id="4" tool="runtool">
  <type>collector-starts</type>
</msg>
<msg id="5" tool="runtool">
  <type>marker-file</type>
  <arg>/home/cc/Projects/Performance-Analysis-And-Tuning/memory_bound/loop_interchange_1/loop_interchage_1/e000/trc000/trc000.advixe</arg>
</msg>
<msg id="6" tool="trc">
  <type>PROCESS_START</type>
  <arg>/home/cc/Projects/Performance-Analysis-And-Tuning/memory_bound/loop_interchange_1/build/lab</arg>
  <arg>52450</arg>
  <severity>INFO</severity>
  <timestamp>Tue May 19 21:20:17 2026</timestamp>
</msg>
<msg id="7" tool="trc">
  <type>PROCESS_ANALYSIS_MODE</type>
  <arg>full</arg>
  <severity>INFO</severity>
  <timestamp>Tue May 19 21:20:17 2026</timestamp>
</msg>
<msg id="8" tool="trc">
  <type>LOAD_MODULE</type>
  <arg>/home/cc/Projects/Performance-Analysis-And-Tuning/memory_bound/loop_interchange_1/build/lab</arg>
  <arg>0x555555554000</arg>
  <arg>0x5555555c7b67</arg>
  <arg>yes</arg>
  <severity>INFO</severity>
  <timestamp>Tue May 19 21:20:17 2026</timestamp>
</msg>
<msg id="9" tool="trc">
  <type>LOAD_MODULE</type>
  <arg>/lib64/ld-linux-x86-64.so.2</arg>
  <arg>0x7ffff7fc5000</arg>
  <arg>0x7ffff7ffe2d7</arg>
  <arg>no</arg>
  <severity>INFO</severity>
  <timestamp>Tue May 19 21:20:17 2026</timestamp>
</msg>
<msg id="10" tool="trc">
  <type>LOAD_MODULE</type>
  <arg>[vdso]</arg>
  <arg>0x7ffff7fc3000</arg>
  <arg>0x7ffff7fc48aa</arg>
  <arg>no</arg>
  <severity>INFO</severity>
  <timestamp>Tue May 19 21:20:17 2026</timestamp>
</msg>
<msg id="11" tool="trc">
  <type>LOAD_MODULE</type>
  <arg>/lib/x86_64-linux-gnu/libstdc++.so.6</arg>
  <arg>0x7fffe2c00000</arg>
  <arg>0x7fffe2e7d13f</arg>
  <arg>no</arg>
  <severity>INFO</severity>
  <timestamp>Tue May 19 21:20:17 2026</timestamp>
</msg>
<msg id="12" tool="trc">
  <type>LOAD_MODULE</type>
  <arg>/lib/x86_64-linux-gnu/libm.so.6</arg>
  <arg>0x7fffe2b17000</arg>
  <arg>0x7fffe2bff017</arg>
  <arg>no</arg>
  <severity>INFO</severity>
  <timestamp>Tue May 19 21:20:17 2026</timestamp>
</msg>
<msg id="13" tool="trc">
  <type>LOAD_MODULE</type>
  <arg>/lib/x86_64-linux-gnu/libgcc_s.so.1</arg>
  <arg>0x7fffe2ae9000</arg>
  <arg>0x7fffe2b163a7</arg>
  <arg>no</arg>
  <severity>INFO</severity>
  <timestamp>Tue May 19 21:20:17 2026</timestamp>
</msg>
<msg id="14" tool="trc">
  <type>LOAD_MODULE</type>
  <arg>/lib/x86_64-linux-gnu/libc.so.6</arg>
  <arg>0x7fffe2800000</arg>
  <arg>0x7fffe2a11d8f</arg>
  <arg>no</arg>
  <severity>INFO</severity>
  <timestamp>Tue May 19 21:20:17 2026</timestamp>
</msg>
<msg id="15" tool="trc">
  <type>PROCESS_START</type>
  <arg>/home/cc/Projects/Performance-Analysis-And-Tuning/memory_bound/loop_interchange_1/build/lab</arg>
  <arg>52450</arg>
  <severity>INFO</severity>
  <timestamp>Tue May 19 21:20:16 2026</timestamp>
</msg>
<msg id="16" tool="trc">
  <type>PROCESS_ANALYSIS_MODE</type>
  <arg>full</arg>
  <severity>INFO</severity>
  <timestamp>Tue May 19 21:20:16 2026</timestamp>
</msg>
<msg id="17" tool="trc">
  <type>LOAD_MODULE</type>
  <arg>/home/cc/Projects/Performance-Analysis-And-Tuning/memory_bound/loop_interchange_1/build/lab</arg>
  <arg>0x59d438ed9000</arg>
  <arg>0x59d438f4cb67</arg>
  <arg>yes</arg>
  <severity>INFO</severity>
  <timestamp>Tue May 19 21:20:16 2026</timestamp>
</msg>
<msg id="18" tool="trc">
  <type>LOAD_MODULE</type>
  <arg>/lib64/ld-linux-x86-64.so.2</arg>
  <arg>0x7d07df328000</arg>
  <arg>0x7d07df3612d7</arg>
  <arg>no</arg>
  <severity>INFO</severity>
  <timestamp>Tue May 19 21:20:16 2026</timestamp>
</msg>
<msg id="19" tool="trc">
  <type>LOAD_MODULE</type>
  <arg>[vdso]</arg>
  <arg>0x7d07df326000</arg>
  <arg>0x7d07df3278aa</arg>
  <arg>no</arg>
  <severity>INFO</severity>
  <timestamp>Tue May 19 21:20:16 2026</timestamp>
</msg>
<msg id="20" tool="trc">
  <type>LOAD_MODULE</type>
  <arg>/lib/x86_64-linux-gnu/libstdc++.so.6</arg>
  <arg>0x7d07ca000000</arg>
  <arg>0x7d07ca27d13f</arg>
  <arg>no</arg>
  <severity>INFO</severity>
  <timestamp>Tue May 19 21:20:16 2026</timestamp>
</msg>
<msg id="21" tool="trc">
  <type>LOAD_MODULE</type>
  <arg>/lib/x86_64-linux-gnu/libm.so.6</arg>
  <arg>0x7d07c9ea9000</arg>
  <arg>0x7d07c9f91017</arg>
  <arg>no</arg>
  <severity>INFO</severity>
  <timestamp>Tue May 19 21:20:16 2026</timestamp>
</msg>
<msg id="22" tool="trc">
  <type>LOAD_MODULE</type>
  <arg>/lib/x86_64-linux-gnu/libgcc_s.so.1</arg>
  <arg>0x7d07c9e5a000</arg>
  <arg>0x7d07c9e873a7</arg>
  <arg>no</arg>
  <severity>INFO</severity>
  <timestamp>Tue May 19 21:20:16 2026</timestamp>
</msg>
<msg id="23" tool="trc">
  <type>LOAD_MODULE</type>
  <arg>/lib/x86_64-linux-gnu/libc.so.6</arg>
  <arg>0x7d07c9a00000</arg>
  <arg>0x7d07c9c11d8f</arg>
  <arg>no</arg>
  <severity>INFO</severity>
  <timestamp>Tue May 19 21:20:16 2026</timestamp>
</msg>
<msg id="24" tool="trc">
  <type>UNLOAD_MODULE</type>
  <arg>/home/cc/Projects/Performance-Analysis-And-Tuning/memory_bound/loop_interchange_1/build/lab</arg>
  <severity>INFO</severity>
  <timestamp>Tue May 19 21:20:30 2026</timestamp>
</msg>
<msg id="25" tool="trc">
  <type>UNLOAD_MODULE</type>
  <arg>/lib64/ld-linux-x86-64.so.2</arg>
  <severity>INFO</severity>
  <timestamp>Tue May 19 21:20:30 2026</timestamp>
</msg>
<msg id="26" tool="trc">
  <type>UNLOAD_MODULE</type>
  <arg>[vdso]</arg>
  <severity>INFO</severity>
  <timestamp>Tue May 19 21:20:30 2026</timestamp>
</msg>
<msg id="27" tool="trc">
  <type>UNLOAD_MODULE</type>
  <arg>/lib/x86_64-linux-gnu/libstdc++.so.6</arg>
  <severity>INFO</severity>
  <timestamp>Tue May 19 21:20:30 2026</timestamp>
</msg>
<msg id="28" tool="trc">
  <type>UNLOAD_MODULE</type>
  <arg>/lib/x86_64-linux-gnu/libm.so.6</arg>
  <severity>INFO</severity>
  <timestamp>Tue May 19 21:20:30 2026</timestamp>
</msg>
<msg id="29" tool="trc">
  <type>UNLOAD_MODULE</type>
  <arg>/lib/x86_64-linux-gnu/libgcc_s.so.1</arg>
  <severity>INFO</severity>
  <timestamp>Tue May 19 21:20:30 2026</timestamp>
</msg>
<msg id="30" tool="trc">
  <type>UNLOAD_MODULE</type>
  <arg>/lib/x86_64-linux-gnu/libc.so.6</arg>
  <severity>INFO</severity>
  <timestamp>Tue May 19 21:20:30 2026</timestamp>
</msg>
<msg id="31" tool="trc">
  <type>PROCESS_FINISH</type>
  <arg>/home/cc/Projects/Performance-Analysis-And-Tuning/memory_bound/loop_interchange_1/build/lab</arg>
  <arg>52450</arg>
  <arg>0x0</arg>
  <severity>INFO</severity>
  <timestamp>Tue May 19 21:20:30 2026</timestamp>
</msg>
<msg id="32" tool="runtool">
  <type>app-exit-code</type>
  <arg>0</arg>
</msg>
<msg id="33" tool="runtool">
  <type>marker-file</type>
  <arg>/home/cc/Projects/Performance-Analysis-And-Tuning/memory_bound/loop_interchange_1/loop_interchage_1/e000/trc000/trc000.advixe</arg>
</msg>
<msg id="34" tool="runtool">
  <type>collector-done</type>
</msg>
<msg id="35" tool="runtool">
  <type>log-end</type>
  <arg>2026/05/19 21:20:34</arg>
</msg>

</log>

