Peak bandwidth measurement started...
Peak bandwidth measurement finished.
Analysis started...
Collection has been started.
Result file: /home/cc/Projects/Performance-Analysis-And-Tuning/memory_bound/loop_interchange_1/loop_interchage_1/e000/trc000/trc000.advixe 
Application exit code: 0 
Result file: /home/cc/Projects/Performance-Analysis-And-Tuning/memory_bound/loop_interchange_1/loop_interchage_1/e000/trc000/trc000.advixe 
Analysis completed
Finalizing results
Finalizing the result
Loading raw data to the database
Loading 'bandwidth_1779196805.hpc' file
Loading 'tripcounts_52450_0.tcs' file
Loading 'tripcounts_52450_1.tcs' file
Updating precomputed scalar metrics
Raw data has been loaded to the database, elapsed time is 0.061 seconds.
Processing profile metrics and debug information
Data transformations have been finished, elapsed time is 0.002 seconds.
Setting data model parameters
Resolving module symbols
Resolving information for dangling locations
Symbol resolution has been finished, elapsed time is 0.027 seconds.
Processing profile metrics and debug information
Resolving FLOP information
Calculating function call count
Processing information for light dynamic instruction mix report
Deferred data transformations have been finished, elapsed time is 0.033 seconds.
Setting data model parameters
Data model parameters have been set, elapsed time is 0.012 seconds.
Precomputing frequently used data
Precomputing frequently used data
Updating precomputed scalar metrics
Precomputing frequently used data has been finished, elapsed time is 0.006 seconds.
Discarding redundant overtime data
Saving the result
Redundant overtime data has been discarded, elapsed time is 0.001 seconds.
Raw collector data has been discarded, elapsed time is 0.000 seconds.
Finalizing the result took 0.191 seconds.
Preparing data for display of survey call tree
